// Jest Snapshot v1, https://goo.gl/fbAQLP

exports[`<Home /> renders a heading 1`] = `
<div>
  <div>
    <div>
      Home
    </div>
  </div>
</div>
`;
